--------------------------------
loading CUDA 12.8 with cuDNN / NCCL
based on cuda_12.8.0_570.86.10_linux.run
--------------------------------

--------------------------------
loading GCC 10.2.1
based on SCL Developer Toolset 10
--------------------------------

nvcc warning : Support for offline compilation for architectures prior to '<compute/sm/lto>_75' will be removed in a future release (Use -Wno-deprecated-gpu-targets to suppress warning).
ptxas info    : 218320 bytes gmem, 72 bytes cmem[3]
ptxas info    : Function properties for __internal_accurate_pow
    0 bytes stack frame, 0 bytes spill stores, 0 bytes spill loads
ptxas info    : Compile time = 17.153 ms
ptxas info    : Function properties for __internal_trig_reduction_slowpathd
    40 bytes stack frame, 0 bytes spill stores, 0 bytes spill loads
ptxas info    : Compile time = 6.356 ms
ptxas info    : Compiling entry function '_Z18build_ant_solutionI11BitmaskTabuXadL_Z34reservoir_sampling_roulette_choiceIS0_EjjR17curandStateXORWOWjRT_PfPcEEEv15InstanceContextPS2_14MMASRunContext' for 'sm_70'
ptxas info    : Function properties for _Z18build_ant_solutionI11BitmaskTabuXadL_Z34reservoir_sampling_roulette_choiceIS0_EjjR17curandStateXORWOWjRT_PfPcEEEv15InstanceContextPS2_14MMASRunContext
    16 bytes stack frame, 0 bytes spill stores, 0 bytes spill loads
ptxas info    : Used 55 registers, used 1 barriers, 528 bytes cmem[0], 272 bytes cmem[2]
ptxas info    : Compile time = 46.841 ms
ptxas info    : Compiling entry function '_Z18build_ant_solutionI11CompactTabuXadL_Z34reservoir_sampling_roulette_choiceIS0_EjjR17curandStateXORWOWjRT_PfPcEEEv15InstanceContextPS2_14MMASRunContext' for 'sm_70'
ptxas info    : Function properties for _Z18build_ant_solutionI11CompactTabuXadL_Z34reservoir_sampling_roulette_choiceIS0_EjjR17curandStateXORWOWjRT_PfPcEEEv15InstanceContextPS2_14MMASRunContext
    16 bytes stack frame, 0 bytes spill stores, 0 bytes spill loads
ptxas info    : Used 54 registers, used 1 barriers, 528 bytes cmem[0], 272 bytes cmem[2]
ptxas info    : Compile time = 47.149 ms
ptxas info    : Compiling entry function '_Z18build_ant_solutionI18CompressedListTabuXadL_Z34reservoir_sampling_roulette_choiceIS0_EjjR17curandStateXORWOWjRT_PfPcEEEv15InstanceContextPS2_14MMASRunContext' for 'sm_70'
ptxas info    : Function properties for _Z18build_ant_solutionI18CompressedListTabuXadL_Z34reservoir_sampling_roulette_choiceIS0_EjjR17curandStateXORWOWjRT_PfPcEEEv15InstanceContextPS2_14MMASRunContext
    16 bytes stack frame, 0 bytes spill stores, 0 bytes spill loads
ptxas info    : Used 54 registers, used 1 barriers, 528 bytes cmem[0], 272 bytes cmem[2]
ptxas info    : Compile time = 45.847 ms
ptxas info    : Compiling entry function '_Z18build_ant_solutionI11BitmaskTabuXadL_Z21block_roulette_choiceIS0_EjjR17curandStateXORWOWjRT_PfPcEEEv15InstanceContextPS2_14MMASRunContext' for 'sm_70'
ptxas info    : Function properties for _Z18build_ant_solutionI11BitmaskTabuXadL_Z21block_roulette_choiceIS0_EjjR17curandStateXORWOWjRT_PfPcEEEv15InstanceContextPS2_14MMASRunContext
    16 bytes stack frame, 0 bytes spill stores, 0 bytes spill loads
ptxas info    : Used 57 registers, used 1 barriers, 528 bytes cmem[0], 272 bytes cmem[2]
ptxas info    : Compile time = 68.997 ms
ptxas info    : Compiling entry function '_Z18build_ant_solutionI11BitmaskTabuXadL_Z20warp_roulette_choiceIS0_EjjR17curandStateXORWOWjRT_PfPcEEEv15InstanceContextPS2_14MMASRunContext' for 'sm_70'
ptxas info    : Function properties for _Z18build_ant_solutionI11BitmaskTabuXadL_Z20warp_roulette_choiceIS0_EjjR17curandStateXORWOWjRT_PfPcEEEv15InstanceContextPS2_14MMASRunContext
    16 bytes stack frame, 0 bytes spill stores, 0 bytes spill loads
ptxas info    : Used 55 registers, used 1 barriers, 528 bytes cmem[0], 272 bytes cmem[2]
ptxas info    : Compile time = 63.105 ms
ptxas info    : Compiling entry function '_Z18build_ant_solutionI11CompactTabuXadL_Z21block_roulette_choiceIS0_EjjR17curandStateXORWOWjRT_PfPcEEEv15InstanceContextPS2_14MMASRunContext' for 'sm_70'
ptxas info    : Function properties for _Z18build_ant_solutionI11CompactTabuXadL_Z21block_roulette_choiceIS0_EjjR17curandStateXORWOWjRT_PfPcEEEv15InstanceContextPS2_14MMASRunContext
    16 bytes stack frame, 0 bytes spill stores, 0 bytes spill loads
ptxas info    : Used 57 registers, used 1 barriers, 528 bytes cmem[0], 272 bytes cmem[2]
ptxas info    : Compile time = 87.010 ms
ptxas info    : Compiling entry function '_Z18build_ant_solutionI11CompactTabuXadL_Z20warp_roulette_choiceIS0_EjjR17curandStateXORWOWjRT_PfPcEEEv15InstanceContextPS2_14MMASRunContext' for 'sm_70'
ptxas info    : Function properties for _Z18build_ant_solutionI11CompactTabuXadL_Z20warp_roulette_choiceIS0_EjjR17curandStateXORWOWjRT_PfPcEEEv15InstanceContextPS2_14MMASRunContext
    16 bytes stack frame, 0 bytes spill stores, 0 bytes spill loads
ptxas info    : Used 57 registers, used 1 barriers, 528 bytes cmem[0], 272 bytes cmem[2]
ptxas info    : Compile time = 79.025 ms
ptxas info    : Compiling entry function '_Z18build_ant_solutionI18CompressedListTabuXadL_Z21block_roulette_choiceIS0_EjjR17curandStateXORWOWjRT_PfPcEEEv15InstanceContextPS2_14MMASRunContext' for 'sm_70'
ptxas info    : Function properties for _Z18build_ant_solutionI18CompressedListTabuXadL_Z21block_roulette_choiceIS0_EjjR17curandStateXORWOWjRT_PfPcEEEv15InstanceContextPS2_14MMASRunContext
    16 bytes stack frame, 0 bytes spill stores, 0 bytes spill loads
ptxas info    : Used 57 registers, used 1 barriers, 528 bytes cmem[0], 272 bytes cmem[2]
ptxas info    : Compile time = 83.756 ms
ptxas info    : Compiling entry function '_Z18build_ant_solutionI18CompressedListTabuXadL_Z20warp_roulette_choiceIS0_EjjR17curandStateXORWOWjRT_PfPcEEEv15InstanceContextPS2_14MMASRunContext' for 'sm_70'
ptxas info    : Function properties for _Z18build_ant_solutionI18CompressedListTabuXadL_Z20warp_roulette_choiceIS0_EjjR17curandStateXORWOWjRT_PfPcEEEv15InstanceContextPS2_14MMASRunContext
    16 bytes stack frame, 0 bytes spill stores, 0 bytes spill loads
ptxas info    : Used 56 registers, used 1 barriers, 528 bytes cmem[0], 272 bytes cmem[2]
ptxas info    : Compile time = 76.001 ms
ptxas info    : Compiling entry function '_Z35build_ant_solution_using_cand_listsI11CompactTabuXadL_Z49reservoir_sampling_roulette_choice_from_cand_listIS0_Ej15InstanceContextR17curandStateXORWOWjPfRT_EEEvS2_PS3_14MMASRunContext' for 'sm_70'
ptxas info    : Function properties for _Z35build_ant_solution_using_cand_listsI11CompactTabuXadL_Z49reservoir_sampling_roulette_choice_from_cand_listIS0_Ej15InstanceContextR17curandStateXORWOWjPfRT_EEEvS2_PS3_14MMASRunContext
    8 bytes stack frame, 0 bytes spill stores, 0 bytes spill loads
ptxas info    : Used 78 registers, used 1 barriers, 528 bytes cmem[0], 288 bytes cmem[2]
ptxas info    : Compile time = 100.575 ms
ptxas info    : Compiling entry function '_Z35build_ant_solution_using_cand_listsI11BitmaskTabuXadL_Z49reservoir_sampling_roulette_choice_from_cand_listIS0_Ej15InstanceContextR17curandStateXORWOWjPfRT_EEEvS2_PS3_14MMASRunContext' for 'sm_70'
ptxas info    : Function properties for _Z35build_ant_solution_using_cand_listsI11BitmaskTabuXadL_Z49reservoir_sampling_roulette_choice_from_cand_listIS0_Ej15InstanceContextR17curandStateXORWOWjPfRT_EEEvS2_PS3_14MMASRunContext
    8 bytes stack frame, 0 bytes spill stores, 0 bytes spill loads
ptxas info    : Used 74 registers, used 1 barriers, 528 bytes cmem[0], 288 bytes cmem[2]
ptxas info    : Compile time = 99.569 ms
ptxas info    : Compiling entry function '_Z35build_ant_solution_using_cand_listsI18CompressedListTabuXadL_Z49reservoir_sampling_roulette_choice_from_cand_listIS0_Ej15InstanceContextR17curandStateXORWOWjPfRT_EEEvS2_PS3_14MMASRunContext' for 'sm_70'
ptxas info    : Function properties for _Z35build_ant_solution_using_cand_listsI18CompressedListTabuXadL_Z49reservoir_sampling_roulette_choice_from_cand_listIS0_Ej15InstanceContextR17curandStateXORWOWjPfRT_EEEvS2_PS3_14MMASRunContext
    8 bytes stack frame, 0 bytes spill stores, 0 bytes spill loads
ptxas info    : Used 73 registers, used 1 barriers, 528 bytes cmem[0], 288 bytes cmem[2]
ptxas info    : Compile time = 99.001 ms
ptxas info    : Compiling entry function '_Z35build_ant_solution_using_cand_listsI11CompactTabuXadL_Z36block_roulette_choice_from_cand_listIS0_Ej15InstanceContextR17curandStateXORWOWjPfRT_EEEvS2_PS3_14MMASRunContext' for 'sm_70'
ptxas info    : Function properties for _Z35build_ant_solution_using_cand_listsI11CompactTabuXadL_Z36block_roulette_choice_from_cand_listIS0_Ej15InstanceContextR17curandStateXORWOWjPfRT_EEEvS2_PS3_14MMASRunContext
    8 bytes stack frame, 0 bytes spill stores, 0 bytes spill loads
ptxas info    : Used 79 registers, used 1 barriers, 528 bytes cmem[0], 288 bytes cmem[2]
ptxas info    : Compile time = 99.448 ms
ptxas info    : Compiling entry function '_Z35build_ant_solution_using_cand_listsI11CompactTabuXadL_Z35warp_roulette_choice_from_cand_listIS0_Ej15InstanceContextR17curandStateXORWOWjPfRT_EEEvS2_PS3_14MMASRunContext' for 'sm_70'
ptxas info    : Function properties for _Z35build_ant_solution_using_cand_listsI11CompactTabuXadL_Z35warp_roulette_choice_from_cand_listIS0_Ej15InstanceContextR17curandStateXORWOWjPfRT_EEEvS2_PS3_14MMASRunContext
    8 bytes stack frame, 0 bytes spill stores, 0 bytes spill loads
ptxas info    : Used 79 registers, used 1 barriers, 528 bytes cmem[0], 288 bytes cmem[2]
ptxas info    : Compile time = 95.970 ms
ptxas info    : Compiling entry function '_Z35build_ant_solution_using_cand_listsI11BitmaskTabuXadL_Z36block_roulette_choice_from_cand_listIS0_Ej15InstanceContextR17curandStateXORWOWjPfRT_EEEvS2_PS3_14MMASRunContext' for 'sm_70'
ptxas info    : Function properties for _Z35build_ant_solution_using_cand_listsI11BitmaskTabuXadL_Z36block_roulette_choice_from_cand_listIS0_Ej15InstanceContextR17curandStateXORWOWjPfRT_EEEvS2_PS3_14MMASRunContext
    8 bytes stack frame, 0 bytes spill stores, 0 bytes spill loads
ptxas info    : Used 77 registers, used 1 barriers, 528 bytes cmem[0], 288 bytes cmem[2]
ptxas info    : Compile time = 99.324 ms
ptxas info    : Compiling entry function '_Z35build_ant_solution_using_cand_listsI11BitmaskTabuXadL_Z35warp_roulette_choice_from_cand_listIS0_Ej15InstanceContextR17curandStateXORWOWjPfRT_EEEvS2_PS3_14MMASRunContext' for 'sm_70'
ptxas info    : Function properties for _Z35build_ant_solution_using_cand_listsI11BitmaskTabuXadL_Z35warp_roulette_choice_from_cand_listIS0_Ej15InstanceContextR17curandStateXORWOWjPfRT_EEEvS2_PS3_14MMASRunContext
    8 bytes stack frame, 0 bytes spill stores, 0 bytes spill loads
ptxas info    : Used 77 registers, used 1 barriers, 528 bytes cmem[0], 288 bytes cmem[2]
ptxas info    : Compile time = 92.642 ms
ptxas info    : Compiling entry function '_Z35build_ant_solution_using_cand_listsI18CompressedListTabuXadL_Z36block_roulette_choice_from_cand_listIS0_Ej15InstanceContextR17curandStateXORWOWjPfRT_EEEvS2_PS3_14MMASRunContext' for 'sm_70'
ptxas info    : Function properties for _Z35build_ant_solution_using_cand_listsI18CompressedListTabuXadL_Z36block_roulette_choice_from_cand_listIS0_Ej15InstanceContextR17curandStateXORWOWjPfRT_EEEvS2_PS3_14MMASRunContext
    8 bytes stack frame, 0 bytes spill stores, 0 bytes spill loads
ptxas info    : Used 78 registers, used 1 barriers, 528 bytes cmem[0], 288 bytes cmem[2]
ptxas info    : Compile time = 95.108 ms
ptxas info    : Compiling entry function '_Z35build_ant_solution_using_cand_listsI18CompressedListTabuXadL_Z35warp_roulette_choice_from_cand_listIS0_Ej15InstanceContextR17curandStateXORWOWjPfRT_EEEvS2_PS3_14MMASRunContext' for 'sm_70'
ptxas info    : Function properties for _Z35build_ant_solution_using_cand_listsI18CompressedListTabuXadL_Z35warp_roulette_choice_from_cand_listIS0_Ej15InstanceContextR17curandStateXORWOWjPfRT_EEEvS2_PS3_14MMASRunContext
    8 bytes stack frame, 0 bytes spill stores, 0 bytes spill loads
ptxas info    : Used 76 registers, used 1 barriers, 528 bytes cmem[0], 288 bytes cmem[2]
ptxas info    : Compile time = 92.325 ms
ptxas info    : Compiling entry function '_Z10two_opt_nn15InstanceContextPjPiPaPf' for 'sm_70'
ptxas info    : Function properties for _Z10two_opt_nn15InstanceContextPjPiPaPf
    8 bytes stack frame, 0 bytes spill stores, 0 bytes spill loads
ptxas info    : Used 68 registers, used 1 barriers, 17 bytes smem, 440 bytes cmem[0], 272 bytes cmem[2]
ptxas info    : Compile time = 288.294 ms
ptxas info    : Compiling entry function '_Z16fill_float_arrayPfmf' for 'sm_70'
ptxas info    : Function properties for _Z16fill_float_arrayPfmf
    0 bytes stack frame, 0 bytes spill stores, 0 bytes spill loads
ptxas info    : Used 14 registers, used 0 barriers, 372 bytes cmem[0]
ptxas info    : Compile time = 1.398 ms
ptxas info    : Compiling entry function '_Z17deposit_pheromonejPfS_PjP11TrailLimitsb' for 'sm_70'
ptxas info    : Function properties for _Z17deposit_pheromonejPfS_PjP11TrailLimitsb
    0 bytes stack frame, 0 bytes spill stores, 0 bytes spill loads
ptxas info    : Used 24 registers, used 0 barriers, 393 bytes cmem[0]
ptxas info    : Compile time = 4.038 ms
ptxas info    : Compiling entry function '_Z19evaporate_pheromonejPffP11TrailLimitsb' for 'sm_70'
ptxas info    : Function properties for _Z19evaporate_pheromonejPffP11TrailLimitsb
    0 bytes stack frame, 0 bytes spill stores, 0 bytes spill loads
ptxas info    : Used 12 registers, used 0 barriers, 385 bytes cmem[0]
ptxas info    : Compile time = 1.687 ms
ptxas info    : Compiling entry function '_Z15init_rng_statesP17curandStateXORWOWjj' for 'sm_70'
ptxas info    : Function properties for _Z15init_rng_statesP17curandStateXORWOWjj
    0 bytes stack frame, 0 bytes spill stores, 0 bytes spill loads
ptxas info    : Used 32 registers, used 0 barriers, 368 bytes cmem[0]
ptxas info    : Compile time = 10.583 ms
ptxas info    : Compiling entry function '_Z21zero_reset_route_cost14MMASRunContext' for 'sm_70'
ptxas info    : Function properties for _Z21zero_reset_route_cost14MMASRunContext
    0 bytes stack frame, 0 bytes spill stores, 0 bytes spill loads
ptxas info    : Used 8 registers, used 0 barriers, 464 bytes cmem[0]
ptxas info    : Compile time = 0.459 ms
ptxas info    : Compiling entry function '_Z35update_global_best_and_trail_limits14MMASRunContextjP11TrailLimits14MMASParametersj' for 'sm_70'
ptxas info    : Function properties for _Z35update_global_best_and_trail_limits14MMASRunContextjP11TrailLimits14MMASParametersj
    0 bytes stack frame, 0 bytes spill stores, 0 bytes spill loads
ptxas info    : Used 24 registers, used 1 barriers, 524 bytes cmem[0]
ptxas info    : Compile time = 20.510 ms
ptxas info    : Compiling entry function '_Z40update_pheromone_heuristic_product_cache15InstanceContext14MMASRunContextb' for 'sm_70'
ptxas info    : Function properties for _Z40update_pheromone_heuristic_product_cache15InstanceContext14MMASRunContextb
    16 bytes stack frame, 0 bytes spill stores, 0 bytes spill loads
ptxas info    : Used 44 registers, used 0 barriers, 521 bytes cmem[0], 272 bytes cmem[2]
ptxas info    : Compile time = 26.336 ms
ptxas info    : Compiling entry function '_Z51update_cand_lists_pheromone_heuristic_product_cache15InstanceContext14MMASRunContextb' for 'sm_70'
ptxas info    : Function properties for _Z51update_cand_lists_pheromone_heuristic_product_cache15InstanceContext14MMASRunContextb
    16 bytes stack frame, 0 bytes spill stores, 0 bytes spill loads
ptxas info    : Used 48 registers, used 0 barriers, 521 bytes cmem[0], 272 bytes cmem[2]
ptxas info    : Compile time = 25.819 ms
ptxas info    : Function properties for _Z21reverse_route_segmentiiiPjPi
    0 bytes stack frame, 0 bytes spill stores, 0 bytes spill loads
ptxas info    : Compile time = 2.707 ms
ptxas info    : Function properties for _Z25two_opt_nn_find_candidatejPjPaRjS1_
    8 bytes stack frame, 8 bytes spill stores, 8 bytes spill loads
ptxas info    : Compile time = 3.523 ms
ptxas info    : Function properties for _Z16get_warp_lane_idv
    0 bytes stack frame, 0 bytes spill stores, 0 bytes spill loads
ptxas info    : Compile time = 0.449 ms
ptxas info    : Function properties for _Z25update_best_solutions_logR14MMASRunContextfj
    0 bytes stack frame, 0 bytes spill stores, 0 bytes spill loads
ptxas info    : Compile time = 0.936 ms
ptxas info    : Function properties for _Z26calc_chunk_size_per_threadj
    0 bytes stack frame, 0 bytes spill stores, 0 bytes spill loads
ptxas info    : Compile time = 1.256 ms
ptxas info    : Function properties for _Z26par_calculate_route_lengthRK15InstanceContextPjPc
    48 bytes stack frame, 32 bytes spill stores, 32 bytes spill loads
ptxas info    : Compile time = 26.190 ms
ptxas info    : Function properties for _Z17calc_trail_limitsjfff
    8 bytes stack frame, 8 bytes spill stores, 8 bytes spill loads
ptxas info    : Compile time = 4.523 ms
ptxas info    : Function properties for _Z9atomicMaxPff
    0 bytes stack frame, 0 bytes spill stores, 0 bytes spill loads
ptxas info    : Compile time = 1.120 ms
ptxas info    : Function properties for _Z15block_vote_lastb
    8 bytes stack frame, 8 bytes spill stores, 8 bytes spill loads
ptxas info    : Compile time = 1.930 ms
ptxas info    : Function properties for _Z10block_voteb
    8 bytes stack frame, 8 bytes spill stores, 8 bytes spill loads
ptxas info    : Compile time = 2.065 ms
ptxas info    : Function properties for _Z10block_scanf
    8 bytes stack frame, 8 bytes spill stores, 8 bytes spill loads
ptxas info    : Compile time = 4.946 ms
ptxas info    : Function properties for _Z21block_arg_max_atomicsjf
    8 bytes stack frame, 8 bytes spill stores, 8 bytes spill loads
ptxas info    : Compile time = 6.629 ms
ptxas info    : Function properties for _Z9block_sumfPc
    8 bytes stack frame, 8 bytes spill stores, 8 bytes spill loads
ptxas info    : Compile time = 3.837 ms
ptxas info    : Function properties for _Z13block_arg_maxjfPc
    8 bytes stack frame, 8 bytes spill stores, 8 bytes spill loads
ptxas info    : Compile time = 8.804 ms
ptxas info    : Function properties for _Z14warp_vote_lastbj
    8 bytes stack frame, 8 bytes spill stores, 8 bytes spill loads
ptxas info    : Compile time = 1.085 ms
ptxas info    : Function properties for _Z9warp_votebj
    8 bytes stack frame, 8 bytes spill stores, 8 bytes spill loads
ptxas info    : Compile time = 1.066 ms
ptxas info    : Function properties for _Z20get_global_thread_idv
    0 bytes stack frame, 0 bytes spill stores, 0 bytes spill loads
ptxas info    : Compile time = 0.483 ms
ptxas info    : Function properties for _Z15get_block_countv
    0 bytes stack frame, 0 bytes spill stores, 0 bytes spill loads
ptxas info    : Compile time = 0.392 ms
ptxas info    : Function properties for _Z11get_warp_idv
    0 bytes stack frame, 0 bytes spill stores, 0 bytes spill loads
ptxas info    : Compile time = 0.427 ms
ptxas info    : Function properties for _Z14get_warp_countv
    0 bytes stack frame, 0 bytes spill stores, 0 bytes spill loads
ptxas info    : Compile time = 0.418 ms
nvcc warning : Support for offline compilation for architectures prior to '<compute/sm/lto>_75' will be removed in a future release (Use -Wno-deprecated-gpu-targets to suppress warning).
[DBG] main() start
[DBG] args parsed
[DBG] best-known loaded
[DBG] run_mmas_experiment() start
[DBG] loading instance: ALL_tsp/pla33810.tsp
[DBG] instance loaded, dim=33810
[DBG] run_gpu_based_mmas() start, dim=33810
[DBG] calling calc_initial_trail_limits
[DBG] trail_limits done, starting cudaMalloc
[DBG] experiment done
[DBG] main() start
Unexpected argument: --instance=ALL_tsp/pla33810.tsp, --alg=mmas_rwm_bt_cl, --iter=50, --trials=1, --seed=42, --iter=5